============================= test session starts =============================
platform win32 -- Python 3.10.0, pytest-8.4.2, pluggy-1.6.0
benchmark: 5.1.0 (defaults: timer=time.perf_counter disable_gc=False min_rounds=5 min_time=0.000005 max_time=1.0 calibration_precision=10 warmup=False warmup_iterations=100000)
rootdir: C:\Users\User\saudi_stocks_fetcher\output\vanna-ai-testing
configfile: pyproject.toml
plugins: anyio-4.12.1, Faker-37.8.0, benchmark-5.1.0, cov-5.0.0, locust-2.42.2, asyncio-1.2.0, mock-3.15.1, timeout-2.4.0, xdist-3.8.0, requests-mock-1.12.1
asyncio: mode=strict, debug=False, asyncio_default_fixture_loop_scope=None, asyncio_default_test_loop_scope=function
timeout: 60.0s
timeout method: thread
timeout func_only: False
collected 1695 items

tests\integration\test_api_chain.py 